/usr/bin/mkdir -p '/usr/local/pgsql/lib'
/usr/bin/mkdir -p '/usr/local/pgsql/share/extension'
/usr/bin/mkdir -p '/usr/local/pgsql/share/extension'
/usr/bin/install -c -m 755  pgsqlauditengine.so '/usr/local/pgsql/lib/pgsqlauditengine.so'
/usr/bin/install -c -m 644 .//pgsqlauditengine.control '/usr/local/pgsql/share/extension/'
/usr/bin/install -c -m 644 .//pgsqlauditengine--1.0.sql  '/usr/local/pgsql/share/extension/'
/usr/bin/mkdir -p '/usr/local/pgsql/lib/bitcode/pgsqlauditengine'
/usr/bin/mkdir -p '/usr/local/pgsql/lib/bitcode'/pgsqlauditengine/
/usr/bin/install -c -m 644 pgsqlauditengine.bc '/usr/local/pgsql/lib/bitcode'/pgsqlauditengine/./
/usr/bin/install -c -m 644 rule_registry.bc '/usr/local/pgsql/lib/bitcode'/pgsqlauditengine/./
/usr/bin/install -c -m 644 rule_common.bc '/usr/local/pgsql/lib/bitcode'/pgsqlauditengine/./
/usr/bin/install -c -m 644 rule_ddl.bc '/usr/local/pgsql/lib/bitcode'/pgsqlauditengine/./
/usr/bin/install -c -m 644 rule_program.bc '/usr/local/pgsql/lib/bitcode'/pgsqlauditengine/./
/usr/bin/install -c -m 644 rule_dcl.bc '/usr/local/pgsql/lib/bitcode'/pgsqlauditengine/./
/usr/bin/install -c -m 644 rule_tcl.bc '/usr/local/pgsql/lib/bitcode'/pgsqlauditengine/./
/usr/bin/install -c -m 644 rule_cmd.bc '/usr/local/pgsql/lib/bitcode'/pgsqlauditengine/./
/usr/bin/install -c -m 644 rule_object.bc '/usr/local/pgsql/lib/bitcode'/pgsqlauditengine/./
/usr/bin/install -c -m 644 rule_exists.bc '/usr/local/pgsql/lib/bitcode'/pgsqlauditengine/./
/usr/bin/install -c -m 644 hook_utility.bc '/usr/local/pgsql/lib/bitcode'/pgsqlauditengine/./
/usr/bin/install -c -m 644 hook_analyze.bc '/usr/local/pgsql/lib/bitcode'/pgsqlauditengine/./
/usr/bin/install -c -m 644 audit_record.bc '/usr/local/pgsql/lib/bitcode'/pgsqlauditengine/./
/usr/bin/install -c -m 644 api_server.bc '/usr/local/pgsql/lib/bitcode'/pgsqlauditengine/./
/usr/bin/install -c -m 644 api_route.bc '/usr/local/pgsql/lib/bitcode'/pgsqlauditengine/./
cd '/usr/local/pgsql/lib/bitcode' && /usr/lib64/llvm20/bin/llvm-lto -thinlto -thinlto-action=thinlink -o pgsqlauditengine.index.bc pgsqlauditengine/pgsqlauditengine.bc pgsqlauditengine/rule_registry.bc pgsqlauditengine/rule_common.bc pgsqlauditengine/rule_ddl.bc pgsqlauditengine/rule_program.bc pgsqlauditengine/rule_dcl.bc pgsqlauditengine/rule_tcl.bc pgsqlauditengine/rule_cmd.bc pgsqlauditengine/rule_object.bc pgsqlauditengine/rule_exists.bc pgsqlauditengine/hook_utility.bc pgsqlauditengine/hook_analyze.bc pgsqlauditengine/audit_record.bc pgsqlauditengine/api_server.bc pgsqlauditengine/api_route.bc
