waiting for server to shut down.... done
server stopped
waiting for server to start....2026-08-30 22:58:59.278 CST [48339] LOG:  starting PostgreSQL 18.4 on aarch64-unknown-linux-gnu, compiled by gcc (GCC) 14.3.1 20250617 (Red Hat 14.3.1-2), 64-bit
2026-08-30 22:58:59.278 CST [48339] LOG:  listening on IPv4 address "0.0.0.0", port 54318
2026-08-30 22:58:59.278 CST [48339] LOG:  listening on IPv6 address "::", port 54318
2026-08-30 22:58:59.279 CST [48339] LOG:  listening on Unix socket "/tmp/.s.PGSQL.54318"
2026-08-30 22:58:59.284 CST [48345] LOG:  database system was shut down at 2026-08-30 22:58:59 CST
2026-08-30 22:58:59.285 CST [48346] LOG:  SQL审核: RESTful 服务已启动，监听 127.0.0.1:8918
2026-08-30 22:58:59.287 CST [48339] LOG:  database system is ready to accept connections
 done
server started
2026-08-30 22:59:01.387 CST [48354] ERROR:  SQL审核[obj_exists_check]: 对象已存在, IF NOT EXISTS 生效, 跳过创建 (扩展: pgsqlauditengine)
2026-08-30 22:59:01.387 CST [48354] DETAIL:  SQL审核级别: WARNING（语句被拦截）
2026-08-30 22:59:01.387 CST [48354] STATEMENT:  CREATE EXTENSION IF NOT EXISTS pgsqlauditengine;
2026-08-30 22:59:01.443 CST [48393] ERROR:  SQL审核[obj_matview]: 物化视图需评估数据新鲜度与刷新策略 (物化视图: vw_se_mv)
2026-08-30 22:59:01.443 CST [48393] DETAIL:  SQL审核级别: WARNING（语句被拦截）
2026-08-30 22:59:01.443 CST [48393] STATEMENT:  DROP MATERIALIZED VIEW IF EXISTS vw_se_mv CASCADE;
2026-08-30 22:59:01.443 CST [48393] ERROR:  SQL审核[obj_matview]: 物化视图需评估数据新鲜度与刷新策略 (物化视图: vw_se_mv2)
2026-08-30 22:59:01.443 CST [48393] DETAIL:  SQL审核级别: WARNING（语句被拦截）
2026-08-30 22:59:01.443 CST [48393] STATEMENT:  DROP MATERIALIZED VIEW IF EXISTS vw_se_mv2 CASCADE;
2026-08-30 22:59:01.873 CST [48505] ERROR:  SQL审核[name_charset]: 表名称 "SeTUpper" 只能由小写字母(a-z)、数字(0-9)、下划线(_)构成
2026-08-30 22:59:01.873 CST [48505] STATEMENT:  CREATE TABLE "SeTUpper"(id serial PRIMARY KEY, name text NOT NULL);
2026-08-30 22:59:01.873 CST [48505] ERROR:  SQL审核[name_start]: 表名称 "1st_table" 必须以字母开头，禁止以数字或下划线开头
2026-08-30 22:59:01.873 CST [48505] STATEMENT:  CREATE TABLE "1st_table"(id serial PRIMARY KEY, name text NOT NULL);
2026-08-30 22:59:01.873 CST [48505] ERROR:  SQL审核[name_len]: 表名称 "se_t_len_abcdefghijklmnopqrstuvwxyz_abcdefghijklmnopqrstuvwxyz_" 超过32个字符
2026-08-30 22:59:01.873 CST [48505] STATEMENT:  CREATE TABLE se_t_len_abcdefghijklmnopqrstuvwxyz_abcdefghijklmnopqrstuvwxyz_abcdefghijklmnopqrstuvwxyz_abcdefghijklmnopqrstuvwxyz_abcdefghijklmnopqrstuvwxyz_abcdefghijklmnopqrstuvwxyz(id serial PRIMARY KEY, name text NOT NULL);
2026-08-30 22:59:01.873 CST [48505] ERROR:  SQL审核[name_reserved]: 表名称 "select" 是PostgreSQL保留字，禁止使用
2026-08-30 22:59:01.873 CST [48505] STATEMENT:  CREATE TABLE "select"(id serial PRIMARY KEY, name text NOT NULL);
2026-08-30 22:59:01.873 CST [48505] ERROR:  SQL审核[name_pk_prefix]: 主键约束名称 "id_pk" 必须以 "pk_" 为前缀
2026-08-30 22:59:01.873 CST [48505] STATEMENT:  CREATE TABLE se_t_pkbad(id int NOT NULL, name text NOT NULL, CONSTRAINT id_pk PRIMARY KEY(id));
2026-08-30 22:59:01.873 CST [48505] ERROR:  SQL审核[name_uk_prefix]: 唯一约束名称 "id_uq" 必须以 "uk_" 为前缀
2026-08-30 22:59:01.873 CST [48505] STATEMENT:  CREATE TABLE se_t_ukbad(id serial PRIMARY KEY, name text NOT NULL, CONSTRAINT id_uq UNIQUE(name));
2026-08-30 22:59:01.873 CST [48505] ERROR:  SQL审核[name_ck_prefix]: 检查约束名称 "id_chk" 必须以 "ck_" 为前缀
2026-08-30 22:59:01.873 CST [48505] STATEMENT:  CREATE TABLE se_t_ckbad(id serial PRIMARY KEY, name text NOT NULL, CONSTRAINT id_chk CHECK (length(name) > 0));
2026-08-30 22:59:01.873 CST [48505] ERROR:  SQL审核[name_idx_prefix]: 索引名称 "se_i_bad" 必须以 "idx_" 为前缀
2026-08-30 22:59:01.873 CST [48505] STATEMENT:  CREATE INDEX CONCURRENTLY se_i_bad ON se_t_base (name);
2026-08-30 22:59:01.873 CST [48505] ERROR:  SQL审核[name_vw_prefix]: 视图名称 "se_v_bad" 必须以 "vw_" 为前缀
2026-08-30 22:59:01.873 CST [48505] STATEMENT:  CREATE VIEW se_v_bad AS SELECT id, name FROM se_t_base;
2026-08-30 22:59:01.874 CST [48505] ERROR:  SQL审核[name_tmp_prefix]: 临时表名 "se_t_tmpbad" 必须以 tmp 为前缀并以日期为后缀
2026-08-30 22:59:01.874 CST [48505] STATEMENT:  CREATE TEMP TABLE se_t_tmpbad(id int PRIMARY KEY);
2026-08-30 22:59:01.883 CST [48505] ERROR:  SQL审核[name_db_name]: 数据库名 "se_db_test" 建议以应用系统缩写为前缀、环境类型为后缀
2026-08-30 22:59:01.883 CST [48505] DETAIL:  SQL审核级别: WARNING（语句被拦截）
2026-08-30 22:59:01.883 CST [48505] STATEMENT:  CREATE DATABASE se_db_test;
2026-08-30 22:59:01.883 CST [48505] ERROR:  SQL审核[type_varchar]: 列 "code" 建议使用 varchar/text 替代定长 char
2026-08-30 22:59:01.883 CST [48505] DETAIL:  SQL审核级别: WARNING（语句被拦截）
2026-08-30 22:59:01.883 CST [48505] STATEMENT:  CREATE TABLE se_t_vc(id serial PRIMARY KEY, code char(10) NOT NULL);
2026-08-30 22:59:01.883 CST [48505] ERROR:  SQL审核[type_numeric]: 列 "amount" 若用于货币或精确计算，建议使用 numeric
2026-08-30 22:59:01.883 CST [48505] DETAIL:  SQL审核级别: WARNING（语句被拦截）
2026-08-30 22:59:01.883 CST [48505] STATEMENT:  CREATE TABLE se_t_num(id serial PRIMARY KEY, amount double precision NOT NULL);
2026-08-30 22:59:01.889 CST [48505] ERROR:  SQL审核[type_jsonb]: 列 "payload" 建议使用 jsonb 类型替代 json
2026-08-30 22:59:01.889 CST [48505] DETAIL:  SQL审核级别: WARNING（语句被拦截）
2026-08-30 22:59:01.889 CST [48505] STATEMENT:  CREATE TABLE se_t_js(id serial PRIMARY KEY, payload json NOT NULL);
2026-08-30 22:59:01.889 CST [48505] ERROR:  SQL审核[type_min_size]: 列 "big_col" 建议使用 int 而非 bigint，除非确需大范围数值
2026-08-30 22:59:01.889 CST [48505] STATEMENT:  CREATE TABLE se_t_ms(id serial PRIMARY KEY, big_col bigint NOT NULL);
2026-08-30 22:59:01.889 CST [48505] ERROR:  SQL审核[table_pk_required]: 表 "se_t_nopk" 必须定义主键
2026-08-30 22:59:01.889 CST [48505] STATEMENT:  CREATE TABLE se_t_nopk(id int NOT NULL, name text NOT NULL);
2026-08-30 22:59:01.889 CST [48505] ERROR:  SQL审核[table_pk_name_id]: 表 "se_t_pkname" 的主键列名必须为 "id"，当前为 "code"
2026-08-30 22:59:01.889 CST [48505] STATEMENT:  CREATE TABLE se_t_pkname(code serial PRIMARY KEY, name text NOT NULL);
2026-08-30 22:59:01.889 CST [48505] ERROR:  SQL审核[table_pk_type_serial]: 表 "se_t_pktype" 主键 "id" 建议使用序列(int/serial)类型
2026-08-30 22:59:01.889 CST [48505] STATEMENT:  CREATE TABLE se_t_pktype(id text PRIMARY KEY, name text NOT NULL);
2026-08-30 22:59:01.889 CST [48505] ERROR:  SQL审核[table_column_not_null]: 表 "se_t_null" 的字段 "name" 必须显式设置为 NOT NULL
2026-08-30 22:59:01.889 CST [48505] STATEMENT:  CREATE TABLE se_t_null(id serial PRIMARY KEY, name text);
2026-08-30 22:59:01.889 CST [48505] ERROR:  SQL审核[table_no_foreign_key]: 表 "se_t_fk" 禁止使用外键，数据完整性应由代码层实现
2026-08-30 22:59:01.889 CST [48505] STATEMENT:  CREATE TABLE se_t_fk(id serial PRIMARY KEY, ref_id int REFERENCES se_t_base(id));
2026-08-30 22:59:01.890 CST [48505] ERROR:  SQL审核[table_no_reserved_column]: 表 "se_t_resv" 存在预留性质的字段 "reserve1"，建议移除
2026-08-30 22:59:01.890 CST [48505] DETAIL:  SQL审核级别: WARNING（语句被拦截）
2026-08-30 22:59:01.890 CST [48505] STATEMENT:  CREATE TABLE se_t_resv(id serial PRIMARY KEY, reserve1 text NOT NULL);
2026-08-30 22:59:01.890 CST [48505] ERROR:  SQL审核[name_db_name]: 数据库名 "se_db_latin" 建议以应用系统缩写为前缀、环境类型为后缀
2026-08-30 22:59:01.890 CST [48505] DETAIL:  SQL审核级别: WARNING（语句被拦截）
2026-08-30 22:59:01.890 CST [48505] STATEMENT:  CREATE DATABASE se_db_latin ENCODING 'LATIN1';
2026-08-30 22:59:01.890 CST [48505] ERROR:  SQL审核[name_db_name]: 数据库名 "se_db_utf8" 建议以应用系统缩写为前缀、环境类型为后缀
2026-08-30 22:59:01.890 CST [48505] DETAIL:  SQL审核级别: WARNING（语句被拦截）
2026-08-30 22:59:01.890 CST [48505] STATEMENT:  CREATE DATABASE se_db_utf8 ENCODING 'UTF8';
2026-08-30 22:59:01.897 CST [48505] ERROR:  SQL审核[idx_concurrently]: 创建索引 "idx_noc" 必须使用 CONCURRENTLY，避免锁住写表操作
2026-08-30 22:59:01.897 CST [48505] STATEMENT:  CREATE INDEX idx_noc ON se_t_base (name);
2026-08-30 22:59:01.900 CST [48505] ERROR:  SQL审核[idx_field_count]: 索引 "idx_many" 字段数 7 超过 5 个
2026-08-30 22:59:01.900 CST [48505] DETAIL:  SQL审核级别: WARNING（语句被拦截）
2026-08-30 22:59:01.900 CST [48505] STATEMENT:  CREATE INDEX CONCURRENTLY idx_many ON se_t_manycols (c1, c2, c3, c4, c5, c6, c7);
2026-08-30 22:59:01.914 CST [48505] ERROR:  SQL审核[idx_table_count]: 表 "se_t_base" 索引数量 6 超过 5 个
2026-08-30 22:59:01.914 CST [48505] DETAIL:  SQL审核级别: WARNING（语句被拦截）
2026-08-30 22:59:01.914 CST [48505] STATEMENT:  CREATE INDEX idx_tc5 ON se_t_base (name, amount);
2026-08-30 22:59:01.914 CST [48505] ERROR:  SQL审核[idx_method]: 索引 "idx_hash" 使用 hash 方法不支持多列，请选择 btree 或其他方法
2026-08-30 22:59:01.914 CST [48505] STATEMENT:  CREATE INDEX CONCURRENTLY idx_hash ON se_t_base USING hash (name, amount);
2026-08-30 22:59:01.920 CST [48505] ERROR:  SQL审核[idx_selectivity]: 索引 "idx_sel" 的列 "flag" 选择性过低，不建议建立索引
2026-08-30 22:59:01.920 CST [48505] STATEMENT:  CREATE INDEX idx_sel ON se_t_sel (flag);
2026-08-30 22:59:01.924 CST [48505] ERROR:  SQL审核[idx_redundant]: 索引 "idx_red2" 与表上已有索引列集重复，存在冗余索引
2026-08-30 22:59:01.924 CST [48505] STATEMENT:  CREATE INDEX idx_red2 ON se_t_red (name, status);
2026-08-30 22:59:01.929 CST [48505] ERROR:  SQL审核[view_select_star]: 视图 "vw_se_t_star" 禁止使用 select *，应显式写出所有字段
2026-08-30 22:59:01.929 CST [48505] STATEMENT:  CREATE VIEW vw_se_t_star AS SELECT * FROM se_t_base;
2026-08-30 22:59:01.930 CST [48505] ERROR:  SQL审核[view_order_by]: 视图 "vw_se_t_order" 中禁止使用 order by
2026-08-30 22:59:01.930 CST [48505] STATEMENT:  CREATE VIEW vw_se_t_order AS SELECT id, name FROM se_t_base ORDER BY id;
2026-08-30 22:59:01.931 CST [48505] ERROR:  SQL审核[view_nested]: 视图 "vw_se_t_nest" 建议避免嵌套其他视图或复杂子查询
2026-08-30 22:59:01.931 CST [48505] DETAIL:  SQL审核级别: WARNING（语句被拦截）
2026-08-30 22:59:01.931 CST [48505] STATEMENT:  CREATE VIEW vw_se_t_nest AS SELECT id FROM (SELECT id, name FROM se_t_base) AS sub;
2026-08-30 22:59:01.932 CST [48505] ERROR:  SQL审核[dml_count_star]: 统计行数建议使用 count(*)
2026-08-30 22:59:01.932 CST [48505] STATEMENT:  SELECT count(name) FROM se_t_dml;
2026-08-30 22:59:01.932 CST [48505] ERROR:  SQL审核[dml_left_fuzzy]: 查询使用了左模糊匹配（LIKE 以 % 开头），建议避免
2026-08-30 22:59:01.932 CST [48505] STATEMENT:  SELECT * FROM se_t_dml WHERE name LIKE '%x';
2026-08-30 22:59:01.936 CST [48505] ERROR:  SQL审核[dml_no_where]: DELETE 语句缺少 WHERE 条件，清空表请使用 TRUNCATE
2026-08-30 22:59:01.936 CST [48505] STATEMENT:  DELETE FROM se_t_dml;
2026-08-30 22:59:01.936 CST [48505] ERROR:  SQL审核[dml_no_where]: UPDATE 语句缺少 WHERE 条件，将影响全部行
2026-08-30 22:59:01.936 CST [48505] STATEMENT:  UPDATE se_t_dml SET status = 'x';
2026-08-30 22:59:01.938 CST [48505] ERROR:  SQL审核[dml_no_where]: DELETE 语句缺少 WHERE 条件，清空表请使用 TRUNCATE
2026-08-30 22:59:01.938 CST [48505] STATEMENT:  DELETE FROM se_t_dml;
2026-08-30 22:59:01.938 CST [48505] ERROR:  SQL审核[prog_ddl_forbidden]: 函数 "se_f_ddl" 函数体内不建议执行 DDL 语句
2026-08-30 22:59:01.938 CST [48505] DETAIL:  SQL审核级别: WARNING（语句被拦截）
2026-08-30 22:59:01.938 CST [48505] STATEMENT:  CREATE FUNCTION se_f_ddl() RETURNS void LANGUAGE plpgsql AS $$
	BEGIN
	    CREATE TABLE se_t_ddl_tmp(id int);
	END
	$$;
2026-08-30 22:59:01.938 CST [48505] ERROR:  SQL审核[prog_business_logic]: 函数 "se_f_logic" 函数体较长，不建议在数据库中存放复杂业务逻辑
2026-08-30 22:59:01.938 CST [48505] DETAIL:  SQL审核级别: WARNING（语句被拦截）
2026-08-30 22:59:01.938 CST [48505] STATEMENT:  CREATE FUNCTION se_f_logic() RETURNS int LANGUAGE sql AS $BODY$SELECT 1; -- 0123456789abcdefghijklmnopqrstuvwxyzABCDEFGHIJKLMNOPQRSTUVWXYZ0123456789abcdefghijklmnopqrstuvwxyzABCDEFGHIJKLMNOPQRSTUVWXYZ0123456789abcdefghijklmnopqrstuvwxyzABCDEFGHIJKLMNOPQRSTUVWXYZ0123456789abcdefghijklmnopqrstuvwxyzABCDEFGHIJKLMNOPQRSTUVWXYZ0123456789abcdefghijklmnopqrstuvwxyzABCDEFGHIJKLMNOPQRSTUVWXYZ0123456789abcdefghijklmnopqrstuvwxyzABCDEFGHIJKLMNOPQRSTUVWXYZ0123456789abcdefghijklmnopqrstuvwxyzABCDEFGHIJKLMNOPQRSTUVWXYZ0123456789abcdefghijklmnopqrstuvwxyzABCDEFGHIJKLMNOPQRSTUVWXYZ0123456789abcdefghijklmnopqrstuvwxyzABCDEFGHIJKLMNOPQRSTUVWXYZ$BODY$;
2026-08-30 22:59:01.938 CST [48505] ERROR:  SQL审核[prog_close_cursor]: 函数 "se_f_cursor" 声明游标后请确保及时 CLOSE
2026-08-30 22:59:01.938 CST [48505] DETAIL:  SQL审核级别: WARNING（语句被拦截）
2026-08-30 22:59:01.938 CST [48505] STATEMENT:  CREATE FUNCTION se_f_cursor() RETURNS void LANGUAGE plpgsql AS $$
	DECLARE
	    c CURSOR FOR SELECT id FROM se_t_base;
	BEGIN
	    OPEN c;
	END
	$$;
2026-08-30 22:59:01.938 CST [48505] ERROR:  SQL审核[name_charset]: 函数名称 "SeFBadName" 只能由小写字母(a-z)、数字(0-9)、下划线(_)构成
2026-08-30 22:59:01.938 CST [48505] STATEMENT:  CREATE FUNCTION "SeFBadName"() RETURNS int LANGUAGE sql AS 'SELECT 1';
2026-08-30 22:59:01.940 CST [48505] ERROR:  SQL审核[ddl_high_risk_drop]: 删除模式 "se_x_schema" 属于高危操作，请谨慎
2026-08-30 22:59:01.940 CST [48505] DETAIL:  SQL审核级别: WARNING（语句被拦截）
2026-08-30 22:59:01.940 CST [48505] STATEMENT:  DROP SCHEMA se_x_schema CASCADE;
2026-08-30 22:59:01.940 CST [48505] ERROR:  SQL审核[ddl_high_risk_drop]: 删除数据库 "se_x_nodb" 属于高危操作，请谨慎
2026-08-30 22:59:01.940 CST [48505] DETAIL:  SQL审核级别: WARNING（语句被拦截）
2026-08-30 22:59:01.940 CST [48505] STATEMENT:  DROP DATABASE se_x_nodb;
2026-08-30 22:59:01.940 CST [48505] ERROR:  SQL审核[ddl_truncate_warn]: 生产环境中不建议使用 TRUNCATE 语句，目标表 = "se_t_dml"
2026-08-30 22:59:01.940 CST [48505] DETAIL:  SQL审核级别: WARNING（语句被拦截）
2026-08-30 22:59:01.940 CST [48505] STATEMENT:  TRUNCATE se_t_dml;
2026-08-30 22:59:01.940 CST [48505] ERROR:  SQL审核[cmd_vacuum]: VACUUM 操作回显 (目标表: se_t_base)
2026-08-30 22:59:01.940 CST [48505] DETAIL:  SQL审核级别: WARNING（语句被拦截）
2026-08-30 22:59:01.940 CST [48505] STATEMENT:  VACUUM se_t_base;
2026-08-30 22:59:01.940 CST [48505] ERROR:  SQL审核[cmd_vacuum]: VACUUM FULL 获取排他锁并重写表, 生产环境需谨慎 (目标表: se_t_base)
2026-08-30 22:59:01.940 CST [48505] DETAIL:  SQL审核级别: WARNING（语句被拦截）
2026-08-30 22:59:01.940 CST [48505] STATEMENT:  VACUUM FULL se_t_base;
2026-08-30 22:59:01.941 CST [48343] LOG:  checkpoint starting: immediate force wait
2026-08-30 22:59:02.053 CST [48343] LOG:  checkpoint complete: wrote 83 buffers (0.5%), wrote 3 SLRU buffers; 0 WAL file(s) added, 0 removed, 0 recycled; write=0.015 s, sync=0.091 s, total=0.112 s; sync files=85, longest=0.005 s, average=0.002 s; distance=527 kB, estimate=527 kB; lsn=0/695D4B0, redo lsn=0/695D458
2026-08-30 22:59:02.053 CST [48505] ERROR:  SQL审核[cmd_cluster]: CLUSTER 需排他锁并重写表, 生产需谨慎 (目标表: se_t_base)
2026-08-30 22:59:02.053 CST [48505] DETAIL:  SQL审核级别: WARNING（语句被拦截）
2026-08-30 22:59:02.053 CST [48505] STATEMENT:  CLUSTER se_t_base;
2026-08-30 22:59:02.053 CST [48505] ERROR:  SQL审核[cmd_reindex]: REINDEX 建议使用 CONCURRENTLY 以避免长时间阻塞 (目标: se_t_base)
2026-08-30 22:59:02.053 CST [48505] DETAIL:  SQL审核级别: WARNING（语句被拦截）
2026-08-30 22:59:02.053 CST [48505] STATEMENT:  REINDEX TABLE se_t_base;
2026-08-30 22:59:02.053 CST [48505] ERROR:  SQL审核[cmd_reindex]: REINDEX 操作回显 (目标: se_t_base_pkey, 使用 CONCURRENTLY)
2026-08-30 22:59:02.053 CST [48505] DETAIL:  SQL审核级别: WARNING（语句被拦截）
2026-08-30 22:59:02.053 CST [48505] STATEMENT:  REINDEX INDEX CONCURRENTLY se_t_base_pkey;
2026-08-30 22:59:02.053 CST [48505] ERROR:  SQL审核[obj_matview]: 物化视图需评估数据新鲜度与刷新策略 (物化视图: vw_se_mv)
2026-08-30 22:59:02.053 CST [48505] DETAIL:  SQL审核级别: WARNING（语句被拦截）
2026-08-30 22:59:02.053 CST [48505] STATEMENT:  CREATE MATERIALIZED VIEW vw_se_mv AS SELECT id, name FROM se_t_base;
2026-08-30 22:59:02.053 CST [48505] ERROR:  SQL审核[cmd_refresh_matview]: REFRESH MATERIALIZED VIEW 建议使用 CONCURRENTLY 以避免长时间阻塞 (目标: vw_se_mv)
2026-08-30 22:59:02.053 CST [48505] DETAIL:  SQL审核级别: WARNING（语句被拦截）
2026-08-30 22:59:02.053 CST [48505] STATEMENT:  REFRESH MATERIALIZED VIEW vw_se_mv;
2026-08-30 22:59:02.053 CST [48505] ERROR:  SQL审核[cmd_lock]: LOCK TABLE 需注意锁模式与持锁时长 (表: se_t_base, 模式: 1, nowait: false)
2026-08-30 22:59:02.053 CST [48505] DETAIL:  SQL审核级别: WARNING（语句被拦截）
2026-08-30 22:59:02.053 CST [48505] STATEMENT:  LOCK TABLE se_t_base IN ACCESS SHARE MODE;
2026-08-30 22:59:02.053 CST [48505] ERROR:  SQL审核[cmd_load]: LOAD 加载共享库属安全敏感操作 (文件: plpgsql)
2026-08-30 22:59:02.053 CST [48505] DETAIL:  SQL审核级别: WARNING（语句被拦截）
2026-08-30 22:59:02.053 CST [48505] STATEMENT:  LOAD 'plpgsql';
2026-08-30 22:59:02.055 CST [48505] ERROR:  SQL审核[cmd_copy]: COPY TO 批量导出需确认敏感数据范围 (表: se_t_base, 去向: /tmp/se_t_copy.csv)
2026-08-30 22:59:02.055 CST [48505] DETAIL:  SQL审核级别: WARNING（语句被拦截）
2026-08-30 22:59:02.055 CST [48505] STATEMENT:  COPY se_t_base TO '/tmp/se_t_copy.csv';
2026-08-30 22:59:02.056 CST [48505] ERROR:  SQL审核[cmd_cursor]: 游标使用后必须 CLOSE, 避免长事务持有 (游标: se_c_cur)
2026-08-30 22:59:02.056 CST [48505] DETAIL:  SQL审核级别: WARNING（语句被拦截）
2026-08-30 22:59:02.056 CST [48505] STATEMENT:  DECLARE se_c_cur CURSOR FOR SELECT id FROM se_t_base;
2026-08-30 22:59:02.056 CST [48505] ERROR:  current transaction is aborted, commands ignored until end of transaction block
2026-08-30 22:59:02.056 CST [48505] STATEMENT:  CLOSE se_c_cur;
2026-08-30 22:59:02.056 CST [48505] ERROR:  SQL审核[cmd_notify]: NOTIFY 通知通道需评估性能开销与使用范围 (通道: se_x_channel)
2026-08-30 22:59:02.056 CST [48505] DETAIL:  SQL审核级别: WARNING（语句被拦截）
2026-08-30 22:59:02.056 CST [48505] STATEMENT:  NOTIFY se_x_channel, 'msg';
2026-08-30 22:59:02.056 CST [48505] ERROR:  SQL审核[obj_policy]: 行级安全策略变更需评估对既有访问路径的影响 (策略: se_x_policy, 表: se_t_base)
2026-08-30 22:59:02.056 CST [48505] DETAIL:  SQL审核级别: WARNING（语句被拦截）
2026-08-30 22:59:02.056 CST [48505] STATEMENT:  CREATE POLICY se_x_policy ON se_t_base USING (true);
2026-08-30 22:59:02.056 CST [48505] ERROR:  SQL审核[obj_publication]: 发布变更影响逻辑复制链路 (发布: se_x_pub)
2026-08-30 22:59:02.056 CST [48505] DETAIL:  SQL审核级别: WARNING（语句被拦截）
2026-08-30 22:59:02.056 CST [48505] STATEMENT:  CREATE PUBLICATION se_x_pub FOR TABLE se_t_base;
2026-08-30 22:59:02.056 CST [48505] ERROR:  SQL审核[obj_subscription]: 订阅变更影响逻辑复制链路 (订阅: se_x_sub)
2026-08-30 22:59:02.056 CST [48505] DETAIL:  SQL审核级别: WARNING（语句被拦截）
2026-08-30 22:59:02.056 CST [48505] STATEMENT:  CREATE SUBSCRIPTION se_x_sub CONNECTION 'host=127.0.0.1 port=5439 dbname=se_x_nodb user=postgres password=postgres' PUBLICATION se_x_pub;
2026-08-30 22:59:02.056 CST [48505] ERROR:  SQL审核[obj_fdw]: 外部数据对象涉及跨系统访问与凭据配置 (对象: se_x_fdw)
2026-08-30 22:59:02.056 CST [48505] DETAIL:  SQL审核级别: WARNING（语句被拦截）
2026-08-30 22:59:02.056 CST [48505] STATEMENT:  CREATE FOREIGN DATA WRAPPER se_x_fdw;
2026-08-30 22:59:02.056 CST [48505] ERROR:  SQL审核[obj_extension]: 扩展需评估来源/版本与影响面 (扩展: se_x_nonexistent_ext)
2026-08-30 22:59:02.056 CST [48505] DETAIL:  SQL审核级别: WARNING（语句被拦截）
2026-08-30 22:59:02.056 CST [48505] STATEMENT:  CREATE EXTENSION se_x_nonexistent_ext;
2026-08-30 22:59:02.056 CST [48505] ERROR:  SQL审核[obj_language]: 过程语言(尤其非受信语言)需评估执行风险 (语言: se_x_lang)
2026-08-30 22:59:02.056 CST [48505] DETAIL:  SQL审核级别: WARNING（语句被拦截）
2026-08-30 22:59:02.056 CST [48505] STATEMENT:  DROP LANGUAGE IF EXISTS se_x_lang;
2026-08-30 22:59:02.056 CST [48505] ERROR:  SQL审核[obj_advanced]: STATISTICS 定义/变更需由资深 DBA 实施 (对象: se_x_stats)
2026-08-30 22:59:02.056 CST [48505] DETAIL:  SQL审核级别: WARNING（语句被拦截）
2026-08-30 22:59:02.056 CST [48505] STATEMENT:  CREATE STATISTICS se_x_stats ON name, status FROM se_t_base;
2026-08-30 22:59:02.056 CST [48505] ERROR:  SQL审核[obj_advanced]: STATISTICS 定义/变更需由资深 DBA 实施 (对象: se_x_stats)
2026-08-30 22:59:02.056 CST [48505] DETAIL:  SQL审核级别: WARNING（语句被拦截）
2026-08-30 22:59:02.056 CST [48505] STATEMENT:  ALTER STATISTICS se_x_stats SET STATISTICS 100;
2026-08-30 22:59:02.056 CST [48505] ERROR:  SQL审核[obj_alter_system]: ALTER SYSTEM 修改服务器级配置影响全局 (参数: work_mem, 值: 16MB)
2026-08-30 22:59:02.056 CST [48505] DETAIL:  SQL审核级别: WARNING（语句被拦截）
2026-08-30 22:59:02.056 CST [48505] STATEMENT:  ALTER SYSTEM SET work_mem = '16MB';
2026-08-30 22:59:02.056 CST [48505] ERROR:  SQL审核[obj_alter_system]: ALTER SYSTEM 修改服务器级配置影响全局 (参数: work_mem, 值: ?)
2026-08-30 22:59:02.056 CST [48505] DETAIL:  SQL审核级别: WARNING（语句被拦截）
2026-08-30 22:59:02.056 CST [48505] STATEMENT:  ALTER SYSTEM RESET work_mem;
2026-08-30 22:59:02.056 CST [48505] ERROR:  SQL审核[obj_reassign_owned]: 对象所有权批量转移需评估影响 (源角色: postgres, 目标角色: postgres)
2026-08-30 22:59:02.056 CST [48505] DETAIL:  SQL审核级别: WARNING（语句被拦截）
2026-08-30 22:59:02.056 CST [48505] STATEMENT:  REASSIGN OWNED BY postgres TO postgres;
2026-08-30 22:59:02.056 CST [48505] ERROR:  SQL审核[obj_ctas]: 评估是否确需创建实体表(CTAS/SELECT INTO) (新表: se_t_ctas)
2026-08-30 22:59:02.056 CST [48505] DETAIL:  SQL审核级别: WARNING（语句被拦截）
2026-08-30 22:59:02.056 CST [48505] STATEMENT:  CREATE TABLE se_t_ctas AS SELECT id, name FROM se_t_base;
2026-08-30 22:59:02.056 CST [48505] ERROR:  SQL审核[obj_matview]: 物化视图需评估数据新鲜度与刷新策略 (物化视图: vw_se_mv2)
2026-08-30 22:59:02.056 CST [48505] DETAIL:  SQL审核级别: WARNING（语句被拦截）
2026-08-30 22:59:02.056 CST [48505] STATEMENT:  CREATE MATERIALIZED VIEW vw_se_mv2 AS SELECT id, name FROM se_t_base;
2026-08-30 22:59:02.056 CST [48505] ERROR:  security label provider "se_x_provider" is not loaded
2026-08-30 22:59:02.056 CST [48505] STATEMENT:  SECURITY LABEL FOR se_x_provider ON TABLE se_t_base IS 'secrecy';
2026-08-30 22:59:02.056 CST [48505] ERROR:  SQL审核[dcl_set_role]: 会话身份切换需确认权限边界 (SET ROLE 目标角色: postgres)
2026-08-30 22:59:02.056 CST [48505] DETAIL:  SQL审核级别: WARNING（语句被拦截）
2026-08-30 22:59:02.056 CST [48505] STATEMENT:  SET ROLE postgres;
2026-08-30 22:59:02.056 CST [48505] ERROR:  SQL审核[dcl_set_role]: 会话身份切换需确认权限边界 (SET ROLE 目标角色: none)
2026-08-30 22:59:02.056 CST [48505] DETAIL:  SQL审核级别: WARNING（语句被拦截）
2026-08-30 22:59:02.056 CST [48505] STATEMENT:  SET ROLE NONE;
2026-08-30 22:59:02.057 CST [48505] ERROR:  SQL审核[dml_merge_check]: MERGE 存在未限定 WHEN 条件的分支, 请仔细评估影响行范围
2026-08-30 22:59:02.057 CST [48505] DETAIL:  SQL审核级别: WARNING（语句被拦截）
2026-08-30 22:59:02.057 CST [48505] STATEMENT:  MERGE INTO se_t_dml AS t USING (SELECT 3 AS id) AS s ON (t.id = s.id)  -- [PG15+]
	WHEN NOT MATCHED THEN INSERT (id) VALUES (s.id);
2026-08-30 22:59:02.060 CST [48505] ERROR:  SQL审核[obj_exists_check]: 对象已存在, 请使用 IF NOT EXISTS 或删除旧对象 (表: se_t_dup)
2026-08-30 22:59:02.060 CST [48505] STATEMENT:  CREATE TABLE se_t_dup(id serial PRIMARY KEY, name text NOT NULL);
2026-08-30 22:59:02.060 CST [48505] ERROR:  SQL审核[obj_exists_check]: 对象已存在, IF NOT EXISTS 生效, 跳过创建 (表: se_t_dup)
2026-08-30 22:59:02.060 CST [48505] DETAIL:  SQL审核级别: WARNING（语句被拦截）
2026-08-30 22:59:02.060 CST [48505] STATEMENT:  CREATE TABLE IF NOT EXISTS se_t_dup(id serial PRIMARY KEY, name text NOT NULL);
2026-08-30 22:59:02.062 CST [48505] ERROR:  SQL审核[tcl_prepared]: 两阶段事务(PREPARE TRANSACTION)需评估分布式一致性
2026-08-30 22:59:02.062 CST [48505] DETAIL:  SQL审核级别: WARNING（语句被拦截）
2026-08-30 22:59:02.062 CST [48505] STATEMENT:  PREPARE TRANSACTION 'se_x_p15_2pc';
2026-08-30 22:59:02.065 CST [48505] ERROR:  SQL审核[dcl_grant]: 对象权限授予/回收需确认权限边界 (授予对象: se_t_base, 目标角色: postgres)
2026-08-30 22:59:02.065 CST [48505] DETAIL:  SQL审核级别: WARNING（语句被拦截）
2026-08-30 22:59:02.065 CST [48505] STATEMENT:  GRANT SELECT ON se_t_base TO postgres;
2026-08-30 22:59:02.065 CST [48505] ERROR:  SQL审核[dcl_grant]: 对象权限授予/回收需确认权限边界 (回收对象: se_t_base, 目标角色: postgres)
2026-08-30 22:59:02.065 CST [48505] DETAIL:  SQL审核级别: WARNING（语句被拦截）
2026-08-30 22:59:02.065 CST [48505] STATEMENT:  REVOKE SELECT ON se_t_base FROM postgres;
2026-08-30 22:59:02.065 CST [48505] ERROR:  SQL审核[dcl_grant_role]: 角色成员授予/回收需确认角色边界 (授予角色: pg_signal_backend, 目标成员: postgres)
2026-08-30 22:59:02.065 CST [48505] DETAIL:  SQL审核级别: WARNING（语句被拦截）
2026-08-30 22:59:02.065 CST [48505] STATEMENT:  GRANT pg_signal_backend TO postgres;
2026-08-30 22:59:02.065 CST [48505] ERROR:  SQL审核[dcl_grant_role]: 角色成员授予/回收需确认角色边界 (回收角色: pg_signal_backend, 目标成员: postgres)
2026-08-30 22:59:02.065 CST [48505] DETAIL:  SQL审核级别: WARNING（语句被拦截）
2026-08-30 22:59:02.065 CST [48505] STATEMENT:  REVOKE pg_signal_backend FROM postgres;
2026-08-30 22:59:02.065 CST [48505] ERROR:  SQL审核[dcl_default_privileges]: 默认权限变更影响后续创建对象
2026-08-30 22:59:02.065 CST [48505] DETAIL:  SQL审核级别: WARNING（语句被拦截）
2026-08-30 22:59:02.065 CST [48505] STATEMENT:  ALTER DEFAULT PRIVILEGES FOR ROLE postgres IN SCHEMA public GRANT SELECT ON TABLES TO postgres;
2026-08-30 22:59:02.065 CST [48505] ERROR:  SQL审核[dcl_role]: 角色创建需评估权限与归属 (角色: se_r_p15)
2026-08-30 22:59:02.065 CST [48505] DETAIL:  SQL审核级别: WARNING（语句被拦截）
2026-08-30 22:59:02.065 CST [48505] STATEMENT:  CREATE ROLE se_r_p15;
2026-08-30 22:59:02.065 CST [48505] ERROR:  SQL审核[dcl_role]: 角色配置修改需评估权限与归属 (角色: se_r_p15)
2026-08-30 22:59:02.065 CST [48505] DETAIL:  SQL审核级别: WARNING（语句被拦截）
2026-08-30 22:59:02.065 CST [48505] STATEMENT:  ALTER ROLE se_r_p15 SET work_mem = '16MB';
2026-08-30 22:59:02.065 CST [48505] ERROR:  SQL审核[dcl_role]: 角色删除需评估权限与归属 (角色: se_r_p15)
2026-08-30 22:59:02.065 CST [48505] DETAIL:  SQL审核级别: WARNING（语句被拦截）
2026-08-30 22:59:02.065 CST [48505] STATEMENT:  DROP ROLE IF EXISTS se_r_p15;
2026-08-30 22:59:02.071 CST [48505] ERROR:  role "se_r_p15_nonexist" does not exist
2026-08-30 22:59:02.071 CST [48505] STATEMENT:  DROP OWNED BY se_r_p15_nonexist;
2026-08-30 22:59:02.073 CST [48505] ERROR:  SQL审核[prog_trigger]: 触发器创建需评估执行时机与开销 (触发器: trg_se_p15, 目标表: se_t_base, 时机: BEFORE, 事件: INSERT)
2026-08-30 22:59:02.073 CST [48505] DETAIL:  SQL审核级别: WARNING（语句被拦截）
2026-08-30 22:59:02.073 CST [48505] STATEMENT:  CREATE TRIGGER trg_se_p15 BEFORE INSERT ON se_t_base FOR EACH ROW EXECUTE FUNCTION se_f_p15_trg();
2026-08-30 22:59:02.073 CST [48505] ERROR:  SQL审核[prog_trigger]: 触发器重命名需评估执行时机与开销 (旧名称: se_t_base, 新名称: trg_se_p15b)
2026-08-30 22:59:02.073 CST [48505] DETAIL:  SQL审核级别: WARNING（语句被拦截）
2026-08-30 22:59:02.073 CST [48505] STATEMENT:  ALTER TRIGGER trg_se_p15 ON se_t_base RENAME TO trg_se_p15b;
2026-08-30 22:59:02.073 CST [48505] ERROR:  SQL审核[prog_trigger]: 触发器启用/禁用需评估执行时机与开销 (表: se_t_base)
2026-08-30 22:59:02.073 CST [48505] DETAIL:  SQL审核级别: WARNING（语句被拦截）
2026-08-30 22:59:02.073 CST [48505] STATEMENT:  ALTER TABLE se_t_base ENABLE TRIGGER trg_se_p15b;
2026-08-30 22:59:02.073 CST [48505] ERROR:  SQL审核[prog_trigger]: 触发器删除需评估执行时机与开销 (触发器: se_t_base)
2026-08-30 22:59:02.073 CST [48505] DETAIL:  SQL审核级别: WARNING（语句被拦截）
2026-08-30 22:59:02.073 CST [48505] STATEMENT:  DROP TRIGGER IF EXISTS trg_se_p15b ON se_t_base;
2026-08-30 22:59:02.073 CST [48505] ERROR:  SQL审核[prog_event_trigger]: 事件触发器创建影响全局事件处理 (触发器: evt_se_p15, 事件: ddl_command_start)
2026-08-30 22:59:02.073 CST [48505] DETAIL:  SQL审核级别: WARNING（语句被拦截）
2026-08-30 22:59:02.073 CST [48505] STATEMENT:  CREATE EVENT TRIGGER evt_se_p15 ON ddl_command_start EXECUTE FUNCTION se_f_p15_evt();
2026-08-30 22:59:02.073 CST [48505] ERROR:  SQL审核[prog_event_trigger]: 事件触发器删除影响全局事件处理 (触发器: evt_se_p15)
2026-08-30 22:59:02.073 CST [48505] DETAIL:  SQL审核级别: WARNING（语句被拦截）
2026-08-30 22:59:02.073 CST [48505] STATEMENT:  DROP EVENT TRIGGER IF EXISTS evt_se_p15;
2026-08-30 22:59:02.073 CST [48505] ERROR:  SQL审核[prog_rule]: 重写规则创建需评估查询重写影响 (规则: rl_se_p15, 目标表: se_t_base, 事件: INSERT)
2026-08-30 22:59:02.073 CST [48505] DETAIL:  SQL审核级别: WARNING（语句被拦截）
2026-08-30 22:59:02.073 CST [48505] STATEMENT:  CREATE RULE rl_se_p15 AS ON INSERT TO se_t_base DO INSTEAD NOTHING;
2026-08-30 22:59:02.073 CST [48505] ERROR:  SQL审核[prog_rule]: 重写规则重命名需评估查询重写影响 (旧名称: se_t_base, 新名称: rl_se_p15b)
2026-08-30 22:59:02.073 CST [48505] DETAIL:  SQL审核级别: WARNING（语句被拦截）
2026-08-30 22:59:02.073 CST [48505] STATEMENT:  ALTER RULE rl_se_p15 ON se_t_base RENAME TO rl_se_p15b;
2026-08-30 22:59:02.073 CST [48505] ERROR:  SQL审核[prog_rule]: 重写规则删除需评估查询重写影响 (规则: se_t_base)
2026-08-30 22:59:02.073 CST [48505] DETAIL:  SQL审核级别: WARNING（语句被拦截）
2026-08-30 22:59:02.073 CST [48505] STATEMENT:  DROP RULE IF EXISTS rl_se_p15b ON se_t_base;
2026-08-30 22:59:02.132 CST [48534] ERROR:  SQL审核[obj_matview]: 物化视图需评估数据新鲜度与刷新策略 (物化视图: vw_se_mv)
2026-08-30 22:59:02.132 CST [48534] DETAIL:  SQL审核级别: WARNING（语句被拦截）
2026-08-30 22:59:02.132 CST [48534] STATEMENT:  DROP MATERIALIZED VIEW IF EXISTS vw_se_mv CASCADE;
2026-08-30 22:59:02.132 CST [48534] ERROR:  SQL审核[obj_matview]: 物化视图需评估数据新鲜度与刷新策略 (物化视图: vw_se_mv2)
2026-08-30 22:59:02.132 CST [48534] DETAIL:  SQL审核级别: WARNING（语句被拦截）
2026-08-30 22:59:02.132 CST [48534] STATEMENT:  DROP MATERIALIZED VIEW IF EXISTS vw_se_mv2 CASCADE;
2026-08-30 22:59:02.136 CST [48534] ERROR:  SQL审核[tcl_multi_ddl_in_txn]: 显式事务中执行了 2 条 DDL，禁止在事务中执行多条 DDL
2026-08-30 22:59:02.136 CST [48534] STATEMENT:  COMMIT;
2026-08-30 23:01:50.107 CST [52228] ERROR:  column "%readonly%" does not exist at character 49
2026-08-30 23:01:50.107 CST [52228] STATEMENT:  SELECT rolname FROM pg_roles WHERE rolname LIKE "%readonly%" OR rolname LIKE "%role_dml%" OR rolname LIKE "se_r_%";
2026-08-30 23:01:55.298 CST [52280] ERROR:  column "," does not exist at character 28
2026-08-30 23:01:55.298 CST [52280] STATEMENT:  SELECT string_agg(rolname, ",") FROM pg_roles WHERE rolname ~ "(readonly|role_dml|se_r_)"
2026-08-30 23:02:40.917 CST [52329] ERROR:  SQL审核[ddl_high_risk_drop]: 删除模式 "se_x_probe" 属于高危操作，请谨慎
2026-08-30 23:02:40.917 CST [52329] DETAIL:  SQL审核级别: WARNING（语句被拦截）
2026-08-30 23:02:40.917 CST [52329] STATEMENT:  DROP SCHEMA se_x_probe CASCADE;
2026-08-30 23:03:08.114 CST [52409] ERROR:  SQL审核[obj_alter_system]: ALTER SYSTEM 修改服务器级配置影响全局 (参数: work_mem, 值: 16MB)
2026-08-30 23:03:08.114 CST [52409] DETAIL:  SQL审核级别: WARNING（语句被拦截）
2026-08-30 23:03:08.114 CST [52409] STATEMENT:  ALTER SYSTEM SET work_mem = '16MB';
2026-08-30 23:03:08.120 CST [52411] ERROR:  SQL审核[obj_alter_system]: ALTER SYSTEM 修改服务器级配置影响全局 (参数: work_mem, 值: ?)
2026-08-30 23:03:08.120 CST [52411] DETAIL:  SQL审核级别: WARNING（语句被拦截）
2026-08-30 23:03:08.120 CST [52411] STATEMENT:  ALTER SYSTEM RESET work_mem;
2026-08-30 23:04:01.158 CST [48343] LOG:  checkpoint starting: time
2026-08-30 23:04:15.983 CST [48343] LOG:  checkpoint complete: wrote 142 buffers (0.9%), wrote 1 SLRU buffers; 0 WAL file(s) added, 0 removed, 0 recycled; write=14.745 s, sync=0.064 s, total=14.826 s; sync files=64, longest=0.011 s, average=0.001 s; distance=998 kB, estimate=998 kB; lsn=0/6A56EB8, redo lsn=0/6A56E28
2026-08-30 23:04:47.341 CST [53613] ERROR:  SQL审核[dml_left_fuzzy]: 查询使用了左模糊匹配（LIKE 以 % 开头），建议避免
2026-08-30 23:04:47.341 CST [53613] STATEMENT:  SELECT proname FROM pg_proc WHERE proname LIKE '%auth_auto%' OR proname LIKE '%auto_schema%';
