[22:59:01] ===== PG18 回归编排开始（端口 54318 / API 8918）=====
[22:59:01] 配置快照已保存: /tmp/reg_pg18/config_snapshot.json
[22:59:01] test.sql 已切分: seg_p0/seg_cases/seg_p14（/tmp/reg_pg18）
[22:59:01]   临时关闭 ddl_high_risk_drop
[22:59:01]   临时关闭 obj_publication
[22:59:01]   临时关闭 obj_subscription
[22:59:01]   临时关闭 obj_fdw
[22:59:01]   临时关闭 obj_language
[22:59:01] --- 执行前置清理段（PART 0）---
[22:59:01] 配置快照还原完成（102 条规则）
[22:59:01] --- 执行用例段（PART 1~13/15，WARNING 拦截验证）---
[22:59:02]   临时关闭 ddl_high_risk_drop
[22:59:02]   临时关闭 obj_publication
[22:59:02]   临时关闭 obj_subscription
[22:59:02]   临时关闭 obj_fdw
[22:59:02]   临时关闭 obj_language
[22:59:02] --- 执行后置清理段（PART 14 + PART 9）---
[22:59:02] 配置快照还原完成（102 条规则）
[22:59:02] ===== PG18 回归编排完成，日志: /tmp/reg_pg18.log =====
rules 快照 http_code=200 size=15405
