psql:/tmp/warn_verify.sql:1: ERROR:  SQL审核[obj_exists_check]: 对象已存在, IF NOT EXISTS 生效, 跳过创建 (扩展: pgsqlauditengine)
DETAIL:  SQL审核级别: WARNING（语句被拦截）
psql:/tmp/warn_verify.sql:2: NOTICE:  SQL审核[ddl_drop_object]: 对象删除回显 (对象类型: 表, 名称: se_t_base)
psql:/tmp/warn_verify.sql:2: NOTICE:  table "se_t_base" does not exist, skipping
DROP TABLE
psql:/tmp/warn_verify.sql:3: NOTICE:  SQL审核[ddl_create_object]: 对象创建回显 (对象类型: 序列, 名称: se_t_base_id_seq)
psql:/tmp/warn_verify.sql:3: NOTICE:  SQL审核[ddl_alter_object]: 对象结构变更回显 (对象类型: 序列, 名称: se_t_base_id_seq)
CREATE TABLE
=== 1. NOTICE pass: CHECKPOINT (cmd_checkpoint) ===
psql:/tmp/warn_verify.sql:5: NOTICE:  SQL审核[cmd_checkpoint]: 手动 CHECKPOINT 仅建议排障场景使用
CHECKPOINT
=== 2. WARNING block: VACUUM (cmd_vacuum) ===
psql:/tmp/warn_verify.sql:7: ERROR:  SQL审核[cmd_vacuum]: VACUUM 操作回显 (目标表: se_t_base)
DETAIL:  SQL审核级别: WARNING（语句被拦截）
=== 3. WARNING block: CREATE EXTENSION nonexistent (obj_extension) ===
psql:/tmp/warn_verify.sql:9: ERROR:  SQL审核[obj_extension]: 扩展需评估来源/版本与影响面 (扩展: se_no_ext_xyz)
DETAIL:  SQL审核级别: WARNING（语句被拦截）
=== 4. ERROR block: name_start (digit-leading) ===
CREATE TABLE
=== 5. continue after blocks (ON_ERROR_STOP off) ===
 ok 
----
  1
(1 row)

